\BOOKMARK [1][-]{section.1}{\376\377\000I\000n\000t\000r\000o\000d\000u\000z\000i\000o\000n\000e}{}% 1
\BOOKMARK [1][-]{section.2}{\376\377\000S\000e\000t\000u\000p\000\040\000I\000n\000f\000r\000a\000s\000t\000r\000u\000t\000t\000u\000r\000a\000\040\000G\000o\000o\000g\000l\000e\000\040\000C\000l\000o\000u\000d}{}% 2
\BOOKMARK [1][-]{section.3}{\376\377\000W\000o\000r\000k\000f\000l\000o\000w\000\040\000d\000e\000l\000\040\000S\000i\000s\000t\000e\000m\000a}{}% 3
\BOOKMARK [1][-]{section.4}{\376\377\000A\000p\000p\000r\000o\000c\000c\000i\000o\000\040\000I\000m\000p\000l\000e\000m\000e\000n\000t\000a\000t\000i\000v\000o}{}% 4
\BOOKMARK [2][-]{subsection.4.1}{\376\377\000F\000a\000s\000e\000\040\0001\000:\000\040\000P\000a\000r\000s\000i\000n\000g\000\040\000e\000\040\000T\000r\000a\000s\000f\000o\000r\000m\000a\000z\000i\000o\000n\000e}{section.4}% 5
\BOOKMARK [2][-]{subsection.4.2}{\376\377\000F\000a\000s\000e\000\040\0002\000:\000\040\000P\000a\000r\000t\000i\000z\000i\000o\000n\000a\000m\000e\000n\000t\000o}{section.4}% 6
\BOOKMARK [2][-]{subsection.4.3}{\376\377\000F\000a\000s\000e\000\040\0003\000:\000\040\000G\000e\000n\000e\000r\000a\000z\000i\000o\000n\000e\000\040\000C\000o\000p\000p\000i\000e\000\040\000e\000\040\000R\000i\000c\000e\000r\000c\000a\000\040\000d\000e\000l\000\040\000M\000a\000s\000s\000i\000m\000o}{section.4}% 7
\BOOKMARK [2][-]{subsection.4.4}{\376\377\000F\000a\000s\000e\000\040\0004\000:\000\040\000O\000u\000t\000p\000u\000t}{section.4}% 8
\BOOKMARK [2][-]{subsection.4.5}{\376\377\000S\000t\000a\000m\000p\000a\000\040\000d\000e\000l\000l\000a\000\040\000C\000o\000p\000p\000i\000a\000\040\000V\000i\000n\000c\000e\000n\000t\000e\000\040\000n\000e\000i\000\040\000L\000o\000g}{section.4}% 9
\BOOKMARK [1][-]{section.5}{\376\377\000C\000o\000n\000f\000i\000g\000u\000r\000a\000z\000i\000o\000n\000i\000\040\000d\000i\000\040\000T\000e\000s\000t}{}% 10
\BOOKMARK [2][-]{subsection.5.1}{\376\377\000M\000o\000t\000i\000v\000a\000z\000i\000o\000n\000e\000\040\000d\000e\000i\000\040\000t\000e\000s\000t\000\040\000c\000o\000n\000\040\000p\000i\000\371\000\040\000p\000a\000r\000t\000i\000z\000i\000o\000n\000i}{section.5}% 11
\BOOKMARK [1][-]{section.6}{\376\377\000M\000e\000t\000o\000d\000o\000l\000o\000g\000i\000a\000\040\000d\000i\000\040\000c\000a\000l\000c\000o\000l\000o\000:\000\040\000s\000t\000r\000o\000n\000g\000\040\000s\000c\000a\000l\000a\000b\000i\000l\000i\000t\000y\000\040\000s\000u\000\040\000G\000C\000P\000\040\000D\000a\000t\000a\000p\000r\000o\000c}{}% 12
\BOOKMARK [2][-]{subsection.6.1}{\376\377\000F\000o\000r\000m\000u\000l\000a\000\040\000s\000t\000a\000n\000d\000a\000r\000d\000\040\000v\000s\000\040\000F\000o\000r\000m\000u\000l\000a\000\040\000G\000C\000P\000\040\000D\000a\000t\000a\000p\000r\000o\000c}{section.6}% 13
\BOOKMARK [2][-]{subsection.6.2}{\376\377\000S\000o\000l\000u\000z\000i\000o\000n\000e\000:\000\040\000F\000o\000r\000m\000u\000l\000a\000\040\000A\000l\000t\000e\000r\000n\000a\000t\000i\000v\000a\000\040\000p\000e\000r\000\040\000G\000C\000P\000\040\000D\000a\000t\000a\000p\000r\000o\000c}{section.6}% 14
\BOOKMARK [1][-]{section.7}{\376\377\000A\000n\000a\000l\000i\000s\000i\000\040\000d\000i\000\040\000S\000c\000a\000l\000a\000b\000i\000l\000i\000t\000\340}{}% 15
\BOOKMARK [2][-]{subsection.7.1}{\376\377\000R\000i\000s\000u\000l\000t\000a\000t\000i\000\040\000n\0001\000-\000s\000t\000a\000n\000d\000a\000r\000d\000-\0002\000\040\000\050\000d\000a\000t\000a\000s\000e\000t\000\040\000p\000i\000c\000c\000o\000l\000o\000\051}{section.7}% 16
\BOOKMARK [2][-]{subsection.7.2}{\376\377\000R\000i\000s\000u\000l\000t\000a\000t\000i\000\040\000n\0001\000-\000s\000t\000a\000n\000d\000a\000r\000d\000-\0002\000\040\000\050\000d\000a\000t\000a\000s\000e\000t\000\040\000c\000o\000m\000p\000l\000e\000t\000o\000\051}{section.7}% 17
\BOOKMARK [3][-]{subsubsection.7.2.1}{\376\377\000A\000n\000a\000l\000i\000s\000i\000\040\000d\000e\000t\000t\000a\000g\000l\000i\000a\000t\000a\000\040\000p\000e\000r\000\040\000n\000u\000m\000e\000r\000o\000\040\000d\000i\000\040\000p\000a\000r\000t\000i\000z\000i\000o\000n\000i\000\040\000-\000\040\000n\0001\000-\000s\000t\000a\000n\000d\000a\000r\000d\000-\0002\000\040\000d\000a\000t\000a\000s\000e\000t\000\040\000c\000o\000m\000p\000l\000e\000t\000o}{subsection.7.2}% 18
\BOOKMARK [2][-]{subsection.7.3}{\376\377\000R\000i\000s\000u\000l\000t\000a\000t\000i\000\040\000n\0002\000-\000s\000t\000a\000n\000d\000a\000r\000d\000-\0004\000\040\000\050\000d\000a\000t\000a\000s\000e\000t\000\040\000c\000o\000m\000p\000l\000e\000t\000o\000\051}{section.7}% 19
\BOOKMARK [3][-]{subsubsection.7.3.1}{\376\377\000A\000n\000a\000l\000i\000s\000i\000\040\000d\000e\000t\000t\000a\000g\000l\000i\000a\000t\000a\000\040\000p\000e\000r\000\040\000p\000a\000r\000t\000i\000z\000i\000o\000n\000i\000\040\000-\000\040\000n\0002\000-\000s\000t\000a\000n\000d\000a\000r\000d\000-\0004\000\040\000d\000a\000t\000a\000s\000e\000t\000\040\000c\000o\000m\000p\000l\000e\000t\000o}{subsection.7.3}% 20
\BOOKMARK [3][-]{subsubsection.7.3.2}{\376\377\000A\000n\000a\000l\000i\000s\000i\000\040\000D\000e\000t\000t\000a\000g\000l\000i\000a\000t\000a\000\040\000p\000e\000r\000\040\000N\000u\000m\000e\000r\000o\000\040\000d\000i\000\040\000P\000a\000r\000t\000i\000z\000i\000o\000n\000i\000\040\000-\000\040\000n\0002\000-\000s\000t\000a\000n\000d\000a\000r\000d\000-\0004}{subsection.7.3}% 21
\BOOKMARK [2][-]{subsection.7.4}{\376\377\000S\000e\000c\000o\000n\000d\000a\000\040\000p\000r\000o\000v\000a\000\040\000c\000o\000n\000\040\000n\0002\000-\000s\000t\000a\000n\000d\000a\000r\000d\000-\0004}{section.7}% 22
\BOOKMARK [3][-]{subsubsection.7.4.1}{\376\377\000A\000n\000a\000l\000i\000s\000i\000\040\000D\000e\000t\000t\000a\000g\000l\000i\000a\000t\000a\000\040\000p\000e\000r\000\040\000P\000a\000r\000t\000i\000z\000i\000o\000n\000i\000\040\000-\000\040\000n\0002\000-\000s\000t\000a\000n\000d\000a\000r\000d\000-\0004\000\040\000c\000o\000m\000p\000l\000e\000t\000o}{subsection.7.4}% 23
\BOOKMARK [3][-]{subsubsection.7.4.2}{\376\377\000A\000n\000a\000l\000i\000s\000i\000\040\000C\000o\000m\000p\000a\000r\000a\000t\000i\000v\000a\000:\000\040\000T\000u\000t\000t\000e\000\040\000l\000e\000\040\000C\000o\000n\000f\000i\000g\000u\000r\000a\000z\000i\000o\000n\000i}{subsection.7.4}% 24
\BOOKMARK [1][-]{section.8}{\376\377\000C\000o\000d\000i\000c\000e\000\040\000S\000o\000r\000g\000e\000n\000t\000e\000:}{}% 25
